[www.angelfire.com/scifi/ooa/index.html]
[backblue.gif]
[fade.gif]
[index.html]
[www.angelfire.com/adm/js/partner/criteo_ld_kw.js]
[scripts.lycos.com/catman/init.js]
[www.angelfire.com/adm/ad/angelfire-freeAd.jpg]
[www.angelfire.com/adm/ad/angelfire-freeAd2.jpg]
[af.lygo.com/d/toolbar/sponsors/rhapsody_logo.jpg]
[www.angelfire.lycos.com/doc/images/track/ot_noscriptcc69.gif]
[ads.pro-market.net/ads/scripts/site-132783.js]
[www.angelfire.com/scifi/ooa/OoALogo.gif]
[www.angelfire.com/scifi/ooa/Home.gif]
[www.angelfire.com/scifi/ooa/OrderofAtlasCouncil.html]
[www.angelfire.com/scifi/ooa/Council.gif]
[www.angelfire.com/scifi/ooa/OrderofAtlasLibrary.html]
[www.angelfire.com/scifi/ooa/Library.gif]
[www.angelfire.com/scifi/ooa/OrderofAtlasLinks.html]
[www.angelfire.com/scifi/ooa/Links.gif]
[www.angelfire.com/scifi/ooa/Background.gif]
[www.angelfire.com/scifi/ooa/index.html]
[www.angelfire.com/scifi/ooa/scifi/ooa/index.html]
[www.angelfire.com/adm/js/partner/criteo_ld_kw.js]
[scripts.lycos.com/catman/init.js]
[ads.pro-market.net/ads/scripts/site-132783.js]
[www.angelfire.lycos.com/doc/images/track/ot_noscript6b24.gif]
[www.angelfire.com/scifi/ooa/OrderofAtlasCouncil.html]
[www.angelfire.lycos.com/doc/images/track/ot_noscript2384.gif]
[www.angelfire.com/scifi/ooa/agerus.html]
[www.angelfire.com/scifi/ooa/bosalian.html]
[www.angelfire.com/scifi/ooa/buckaneer.html]
[www.angelfire.com/scifi/ooa/evintos.html]
[www.angelfire.com/scifi/ooa/human.html]
[www.angelfire.com/scifi/ooa/techanoid.html]
[www.angelfire.com/scifi/ooa/xeloss.html]
[www.angelfire.com/scifi/ooa/xerusian.html]
[www.angelfire.com/scifi/ooa/xesperados.html]
[www.angelfire.com/scifi/ooa/targoid.html]
[www.angelfire.com/scifi/ooa/accessing_newbie_guides.html]
[www.angelfire.com/scifi/ooa/literature.html]
[www.angelfire.com/scifi/ooa/tips.html]
[www.angelfire.com/scifi/ooa/fcattributes.html]
[www.angelfire.com/scifi/ooa/events.html]
[www.angelfire.com/scifi/ooa/planet_modifiers.html]
[www.angelfire.com/scifi/ooa/defence_formations.html]
[www.angelfire.com/scifi/ooa/new_page_1.html]
[www.angelfire.com/scifi/ooa/new_page_2.html]
[www.angelfire.com/scifi/ooa/secret_projects.html]
[www.angelfire.com/scifi/ooa/ChangestoArchspace.html]
[www.angelfire.com/scifi/ooa/OrderofAtlasLibrary.html]
[www.angelfire.lycos.com/doc/images/track/ot_noscript86ec.gif]
[www.angelfire.com/scifi/ooa/OrderofAtlasLinks.html]
[www.angelfire.com/scifi/ooa/scifi/ooa/OrderofAtlasCouncil.html]
[www.angelfire.com/scifi/ooa/scifi/ooa/OrderofAtlasLibrary.html]
[www.angelfire.com/scifi/ooa/images/TV_bkg2.gif]
[www.angelfire.lycos.com/doc/images/track/ot_noscript8208.gif]
[www.angelfire.com/scifi/ooa/agerus.html]
[www.angelfire.lycos.com/doc/images/track/ot_noscript1282.gif]
[www.angelfire.com/scifi/ooa/bosalian.html]
[www.angelfire.lycos.com/doc/images/track/ot_noscript40b4.gif]
[www.angelfire.com/scifi/ooa/buckaneer.html]
[www.angelfire.lycos.com/doc/images/track/ot_noscript46f1.gif]
[www.angelfire.com/scifi/ooa/evintos.html]
[www.angelfire.lycos.com/doc/images/track/ot_noscript7685.gif]
[www.angelfire.com/scifi/ooa/human.html]
[www.angelfire.lycos.com/doc/images/track/ot_noscript2ebd.gif]
[www.angelfire.com/scifi/ooa/techanoid.html]
[www.angelfire.lycos.com/doc/images/track/ot_noscripta94b.gif]
[www.angelfire.com/scifi/ooa/xeloss.html]
[www.angelfire.lycos.com/doc/images/track/ot_noscript5f89.gif]
[www.angelfire.com/scifi/ooa/xerusian.html]
[www.angelfire.lycos.com/doc/images/track/ot_noscript00c6.gif]
[www.angelfire.com/scifi/ooa/xesperados.html]
[www.angelfire.lycos.com/doc/images/track/ot_noscript2a6b.gif]
[www.angelfire.com/scifi/ooa/targoid.html]
[www.angelfire.lycos.com/doc/images/track/ot_noscriptd42c.gif]
[www.angelfire.com/scifi/ooa/archspace_guide_by_wonder_bee_a.html]
[www.angelfire.com/scifi/ooa/accessing_newbie_guides.html]
[www.angelfire.lycos.com/doc/images/track/ot_noscripte597.gif]
[www.angelfire.com/scifi/ooa/literature.html]
[www.angelfire.lycos.com/doc/images/track/ot_noscript0a1c.gif]
[www.angelfire.com/scifi/ooa/tips.html]
[www.angelfire.lycos.com/doc/images/track/ot_noscript10ef.gif]
[www.angelfire.com/scifi/ooa/fcattributes.html]
[www.angelfire.lycos.com/doc/images/track/ot_noscript8ffb.gif]
[www.angelfire.com/scifi/ooa/events.html]
[www.angelfire.lycos.com/doc/images/track/ot_noscriptb906.gif]
[www.angelfire.com/scifi/ooa/planet_modifiers.html]
[www.angelfire.lycos.com/doc/images/track/ot_noscript9a9d.gif]
[www.angelfire.com/scifi/ooa/defence_formations.html]
[www.angelfire.lycos.com/doc/images/track/ot_noscriptdf5f.gif]
[www.angelfire.com/scifi/ooa/new_page_1.html]
[www.angelfire.lycos.com/doc/images/track/ot_noscript86dd.gif]
[www.angelfire.com/scifi/ooa/new_page_2.html]
[www.angelfire.lycos.com/doc/images/track/ot_noscriptc812.gif]
[www.angelfire.com/scifi/ooa/secret_projects.html]
[www.angelfire.lycos.com/doc/images/track/ot_noscript200d.gif]
[www.angelfire.com/scifi/ooa/ChangestoArchspace.html]
[www.angelfire.com/scifi/ooa/scifi/ooa/OrderofAtlasLinks.html]
[www.angelfire.com/scifi/ooa/scifi/ooa/agerus.html]
[www.angelfire.com/scifi/ooa/scifi/ooa/bosalian.html]
[www.angelfire.com/scifi/ooa/scifi/ooa/buckaneer.html]
[www.angelfire.com/scifi/ooa/scifi/ooa/evintos.html]
[www.angelfire.com/scifi/ooa/scifi/ooa/human.html]
[www.angelfire.com/scifi/ooa/scifi/ooa/techanoid.html]
[www.angelfire.com/scifi/ooa/scifi/ooa/xeloss.html]
[www.angelfire.com/scifi/ooa/scifi/ooa/xerusian.html]
[www.angelfire.com/scifi/ooa/scifi/ooa/xesperados.html]
[www.angelfire.com/scifi/ooa/scifi/ooa/targoid.html]
[www.angelfire.com/scifi/ooa/scifi/ooa/accessing_newbie_guides.html]
[www.angelfire.lycos.com/doc/images/track/ot_noscriptaf97.gif]
[www.angelfire.com/scifi/ooa/archspace_guide_by_wonder_bee_a.html]
[www.angelfire.com/scifi/ooa/scifi/ooa/literature.html]
[www.angelfire.com/scifi/ooa/scifi/ooa/tips.html]
[www.angelfire.com/scifi/ooa/scifi/ooa/fcattributes.html]
[www.angelfire.com/scifi/ooa/scifi/ooa/events.html]
[www.angelfire.com/scifi/ooa/scifi/ooa/planet_modifiers.html]
[www.angelfire.com/scifi/ooa/scifi/ooa/defence_formations.html]
[www.angelfire.com/scifi/ooa/scifi/ooa/new_page_1.html]
[www.angelfire.com/scifi/ooa/scifi/ooa/new_page_2.html]
[www.angelfire.com/scifi/ooa/scifi/ooa/secret_projects.html]
[www.angelfire.com/scifi/ooa/scifi/ooa/ChangestoArchspace.html]
[www.angelfire.com/scifi/ooa/scifi/ooa/archspace_guide_by_wonder_bee_a.html]
